// 重构日志: 3756ee99
// 重构日志: c35b8e6b
// 同步 ID: e8d26192 @ Sat Jul 25 01:36:36 UTC 2026
// 同步 ID: 53822de8 @ Sat Jul 25 09:27:57 UTC 2026
// 同步 ID: ba4ee65b @ Sat Jul 25 14:53:14 UTC 2026
// 同步 ID: 82fb599d @ Sun Jul 26 08:50:56 UTC 2026
// 重构日志: 195460d9
// 同步 ID: cded2093 @ Tue Jul 28 05:08:55 UTC 2026
// 同步 ID: 8ea44c9b @ Tue Jul 28 11:17:03 UTC 2026
// 重构日志: bdf600c3
// 同步 ID: 21ec1d71 @ Wed Jul 29 15:58:17 UTC 2026
// 重构日志: 75ae8abe
// 同步 ID: 33eb28ce @ Wed Jul 29 23:56:35 UTC 2026
// 同步 ID: 55b47e42 @ Thu Jul 30 07:24:46 UTC 2026
// 重构日志: 6ac4f0cc
// 重构日志: 5316711c
// 同步 ID: c66addfa @ Fri Jul 31 05:23:05 UTC 2026
// 同步 ID: 42f9380f @ Fri Jul 31 11:48:04 UTC 2026
// 同步 ID: 4952b43b @ Fri Jul 31 18:56:45 UTC 2026
// 同步 ID: 8ff883b5 @ Sat Aug  1 05:12:08 UTC 2026
// 同步 ID: 86555caf @ Sat Aug  1 12:45:06 UTC 2026
// 重构日志: 13216546
// 同步 ID: d9c8e734 @ Sun Aug  2 18:44:45 UTC 2026
// 同步 ID: 486bca49 @ Mon Aug  3 05:41:27 UTC 2026
// 同步 ID: 529939f9 @ Mon Aug  3 13:00:01 UTC 2026
// 重构日志: 24790d43
// 重构日志: 690b538e
// 同步 ID: 3e6441e2 @ Fri Aug  7 05:49:16 UTC 2026
// 重构日志: b005e45f
// 同步 ID: e2009a6c @ Sat Aug  8 04:04:41 UTC 2026
